// Jest Snapshot v1, https://goo.gl/fbAQLP

exports[`SpreadSheet Hidden Columns Tests PivotSheet Multiple Values Tests should render correct row corner after hide measure node 1`] = `
Array [
  Object {
    "height": 30,
    "width": 119,
    "x": 0,
    "y": 60,
  },
  Object {
    "height": 30,
    "width": 119,
    "x": 119,
    "y": 60,
  },
  Object {
    "height": 30,
    "width": 238,
    "x": 0,
    "y": 0,
  },
  Object {
    "height": 30,
    "width": 238,
    "x": 0,
    "y": 30,
  },
]
`;
