// Jest Snapshot v1, https://goo.gl/fbAQLP

exports[`layout hooks spec layout cell meta hook 1`] = `
Object {
  "$$extra$$": "profit",
  "$$value$$": 999,
  "area": "中南",
  "sub_type": "系固件",
  "type": "办公用品",
}
`;
