// Jest Snapshot v1, https://goo.gl/fbAQLP

exports[`export should export correct data with show seriesNumber 1`] = `
"序号	col0	col1	col2
1	col0-0	col1-0	col2-0
2	col0-1	col1-1	col2-1"
`;

exports[`export should export correct data without show seriesNumber 1`] = `
"col0	col1	col2
col0-0	col1-0	col2-0
col0-1	col1-1	col2-1"
`;
